ca65 V2.13.2 - (C) Copyright 1998-2005 Ullrich von Bassewitz
Main file   : main.s
Current file: main.s

000000r 1               ;
000000r 1               ;  main.s
000000r 1               ;  hello_world_asm
000000r 1               ;
000000r 1               ;  Created by joe on 4/19/16.
000000r 1               ;  Copyright © 2016 joe. All rights reserved.
000000r 1               ;
000000r 1               
000000r 1               
000000r 1               COUT = $fded
000000r 1               KEYBOARD = $c000
000000r 1               STROBE = $c010
000000r 1               
000000r 1               main:
000000r 1  A2 00            ldx #$00
000002r 1               loop:
000002r 1  BD rr rr         lda msg, X
000005r 1  F0 09            beq wait
000007r 1  09 80            ora #$80
000009r 1  20 ED FD         jsr COUT
00000Cr 1  E8               inx
00000Dr 1  4C rr rr         jmp loop
000010r 1               
000010r 1               wait:
000010r 1  AD 00 C0         lda KEYBOARD
000013r 1  10 FB            bpl wait
000015r 1  AD 10 C0         lda STROBE
000018r 1  60               rts
000019r 1               
000019r 1  48 45 4C 4C  msg:    .asciiz "HELLO, WORLD"
00001Dr 1  4F 2C 20 57  
000021r 1  4F 52 4C 44  
000025r 1               
