Modules list:
-------------
main.o:
    CODE              Offs = 000000   Size = 000017
    RODATA            Offs = 000000   Size = 00000F
/opt/local/lib/cc65/lib/apple2.lib(cgetc.o):
    CODE              Offs = 000017   Size = 00000D
/opt/local/lib/cc65/lib/apple2.lib(cout.o):
    LOWCODE           Offs = 000000   Size = 00000A
/opt/local/lib/cc65/lib/apple2.lib(crt0.o):
    RODATA            Offs = 00000F   Size = 000007
    BSS               Offs = 000000   Size = 000003
    DATA              Offs = 000000   Size = 000006
    EXEHDR            Offs = 000000   Size = 000004
    STARTUP           Offs = 000000   Size = 000078
    INIT              Offs = 000000   Size = 000086
    LOWCODE           Offs = 00000A   Size = 00001C
    ZPSAVE            Offs = 000000   Size = 00001A
/opt/local/lib/cc65/lib/apple2.lib(ctype.o):
    RODATA            Offs = 000016   Size = 000100
/opt/local/lib/cc65/lib/apple2.lib(dosdetect.o):
    BSS               Offs = 000003   Size = 000001
    INIT              Offs = 000086   Size = 000014
/opt/local/lib/cc65/lib/apple2.lib(filedes.o):
    CODE              Offs = 000024   Size = 000016
    DATA              Offs = 000006   Size = 000020
/opt/local/lib/cc65/lib/apple2.lib(fileerr.o):
    CODE              Offs = 00003A   Size = 00000A
/opt/local/lib/cc65/lib/apple2.lib(mli.o):
    BSS               Offs = 000004   Size = 00000C
    DATA              Offs = 000026   Size = 000016
/opt/local/lib/cc65/lib/apple2.lib(rwcommon.o):
    CODE              Offs = 000044   Size = 00003E
/opt/local/lib/cc65/lib/apple2.lib(write.o):
    CODE              Offs = 000082   Size = 00006E
/opt/local/lib/cc65/lib/apple2.lib(_file.o):
    DATA              Offs = 00003C   Size = 00001E
/opt/local/lib/cc65/lib/apple2.lib(_hextab.o):
    RODATA            Offs = 000116   Size = 000010
/opt/local/lib/cc65/lib/apple2.lib(_oserror.o):
    BSS               Offs = 000010   Size = 000001
/opt/local/lib/cc65/lib/apple2.lib(_printf.o):
    CODE              Offs = 0000F0   Size = 0003A5
    BSS               Offs = 000011   Size = 00002B
    DATA              Offs = 00005A   Size = 000003
/opt/local/lib/cc65/lib/apple2.lib(_seterrno.o):
    CODE              Offs = 000495   Size = 000009
/opt/local/lib/cc65/lib/apple2.lib(errno.o):
    BSS               Offs = 00003C   Size = 000002
/opt/local/lib/cc65/lib/apple2.lib(fwrite.o):
    CODE              Offs = 00049E   Size = 00007D
    BSS               Offs = 00003E   Size = 000002
/opt/local/lib/cc65/lib/apple2.lib(ltoa.o):
    CODE              Offs = 00051B   Size = 0000AF
    RODATA            Offs = 000126   Size = 00000C
/opt/local/lib/cc65/lib/apple2.lib(printf.o):
    CODE              Offs = 0005CA   Size = 000033
    BSS               Offs = 000040   Size = 000001
/opt/local/lib/cc65/lib/apple2.lib(strlen.o):
    CODE              Offs = 0005FD   Size = 000016
/opt/local/lib/cc65/lib/apple2.lib(strlower.o):
    CODE              Offs = 000613   Size = 000028
/opt/local/lib/cc65/lib/apple2.lib(vfprintf.o):
    CODE              Offs = 00063B   Size = 000061
    DATA              Offs = 00005D   Size = 000008
/opt/local/lib/cc65/lib/apple2.lib(zerobss.o):
    INIT              Offs = 00009A   Size = 000023
/opt/local/lib/cc65/lib/apple2.lib(addysp.o):
    CODE              Offs = 00069C   Size = 00000E
/opt/local/lib/cc65/lib/apple2.lib(axlong.o):
    CODE              Offs = 0006AA   Size = 000012
/opt/local/lib/cc65/lib/apple2.lib(callirq.o):
    DATA              Offs = 000065   Size = 00001E
/opt/local/lib/cc65/lib/apple2.lib(callmain.o):
    CODE              Offs = 0006BC   Size = 000017
    BSS               Offs = 000041   Size = 000004
/opt/local/lib/cc65/lib/apple2.lib(condes.o):
    CODE              Offs = 0006D3   Size = 00000C
    DATA              Offs = 000083   Size = 000025
    INIT              Offs = 0000BD   Size = 00000C
/opt/local/lib/cc65/lib/apple2.lib(decsp4.o):
    CODE              Offs = 0006DF   Size = 00000D
/opt/local/lib/cc65/lib/apple2.lib(decsp6.o):
    CODE              Offs = 0006EC   Size = 00000D
/opt/local/lib/cc65/lib/apple2.lib(incsp2.o):
    CODE              Offs = 0006F9   Size = 000016
/opt/local/lib/cc65/lib/apple2.lib(incsp6.o):
    CODE              Offs = 00070F   Size = 000005
/opt/local/lib/cc65/lib/apple2.lib(ldaxsp.o):
    CODE              Offs = 000714   Size = 000009
/opt/local/lib/cc65/lib/apple2.lib(lpush.o):
    CODE              Offs = 00071D   Size = 00001E
/opt/local/lib/cc65/lib/apple2.lib(mul.o):
    CODE              Offs = 00073B   Size = 000045
/opt/local/lib/cc65/lib/apple2.lib(mul8.o):
    CODE              Offs = 000780   Size = 00003A
/opt/local/lib/cc65/lib/apple2.lib(popsreg.o):
    CODE              Offs = 0007BA   Size = 000010
/opt/local/lib/cc65/lib/apple2.lib(push1.o):
    CODE              Offs = 0007CA   Size = 000005
/opt/local/lib/cc65/lib/apple2.lib(pushax.o):
    CODE              Offs = 0007CF   Size = 00001A
/opt/local/lib/cc65/lib/apple2.lib(pushwsp.o):
    CODE              Offs = 0007E9   Size = 00001C
/opt/local/lib/cc65/lib/apple2.lib(return0.o):
    CODE              Offs = 000805   Size = 000004
/opt/local/lib/cc65/lib/apple2.lib(udiv.o):
    CODE              Offs = 000809   Size = 00004F
/opt/local/lib/cc65/lib/apple2.lib(zeropage.o):
    ZEROPAGE          Offs = 000000   Size = 00001A


Segment list:
-------------
Name                  Start   End     Size
--------------------------------------------
EXEHDR                000000  000003  000004
ZEROPAGE              000080  000099  00001A
STARTUP               000803  00087A  000078
LOWCODE               00087B  0008A0  000026
CODE                  0008A1  0010F8  000858
RODATA                0010F9  00122A  000132
DATA                  00122B  0012D2  0000A8
ZPSAVE                0012D3  0012EC  00001A
BSS                   0012ED  001331  000045
INIT                  001332  0013FD  0000CC


Exports list:
-------------
COUT                      00087B RLA    __BSS_RUN__               0012ED RLA    
__BSS_SIZE__              000045 REA    __CONSTRUCTOR_COUNT__     000001 REA    
__CONSTRUCTOR_TABLE__     0013FC RLA    __DESTRUCTOR_COUNT__      000000 REA    
__DESTRUCTOR_TABLE__      00122B RLA    __INIT_SIZE__             0000CC REA    
__INTERRUPTOR_COUNT__     000000 REA    __INTERRUPTOR_TABLE__     00122B RLA    
__LC_LAST__               00D400 RLA    __LC_START__              00D400 RLA    
__MOVE_LAST__             0000CC RLA    __MOVE_START__            000000 RLA    
__RAM_LAST__              0013FE RLA    __RAM_START__             000803 RLA    
__STARTUP__               000001 REA    __ZPSAVE_RUN__            0012D3 RLA    
__ctype                   00110F RLA    __dos_type                0012F0 RLA    
__errno                   001329 RLA    __hextab                  00120F RLA    
__oserror                 0012FD RLA    __printf                  000A84 RLA    
__seterrno                000D36 RLA    _cgetc                    0008B8 RLA    
_fwrite                   000D3F RLA    _ltoa                     000DD8 RLA    
_main                     0008A1 RLA    _printf                   000E6B RLA    
_stdout                   001281 RLA    _strlen                   000E9E RLA    
_strlower                 000EB4 RLA    _ultoa                    000E2F RLA    
_vfprintf                 000F14 RLA    _write                    000923 RLA    
addysp                    000F3E RLA    axlong                    000F52 RLA    
axulong                   000F4B RLA    callirq                   001290 RLA    
callmain                  000F5D RLA    callmli                   001251 RLA    
decsp4                    000F80 RLA    decsp6                    000F8D RLA    
donelib                   000F74 RLA    errnoexit                 0008DB RLA    
fdtab                     001231 RLA    getfd                     0008C5 RLA    
incsp2                    000FA2 RLA    incsp6                    000FB0 RLA    
initdostype               0013B8  LAI   initlib                   0013EF RLA    
ldaxysp                   000FB7 RLA    mliparam                  0012F1 RLA    
mul8x16                   001023 RLA    mul8x16a                  00102E RLA    
oserrexit                 0008DE RLA    popax                     000F9A RLA    
popsreg                   00105B RLA    ptr1                      000088 RLZ    
ptr2                      00008A RLZ    ptr3                      00008C RLZ    
ptr4                      00008E RLZ    push1                     00106B RLA    
pusha0                    001072 RLA    pushax                    001074 RLA    
pusheax                   000FC4 RLA    pushwysp                  00108C RLA    
regbank                   000094 RLZ    return0                   0010A6 RLA    
rwcommon                  0008F6 RLA    rwepilog                  000919 RLA    
rwprolog                  0008E5 RLA    sp                        000080 RLZ    
sreg                      000082 RLZ    tmp1                      000090 RLZ    
tosudivax                 0010AC RLA    tosumulax                 000FDC RLA    
zerobss                   0013CC RLA    


Imports list:
-------------
COUT (cout.o):
    write.o                   write.s(10)
__BSS_RUN__ ([linker generated]):
    zerobss.o                 zerobss.s(8)
__BSS_SIZE__ ([linker generated]):
    zerobss.o                 zerobss.s(8)
__CONSTRUCTOR_COUNT__ ([linker generated]):
    condes.o                  condes.s(18)
__CONSTRUCTOR_TABLE__ ([linker generated]):
    condes.o                  condes.s(18)
__DESTRUCTOR_COUNT__ ([linker generated]):
    condes.o                  condes.s(19)
__DESTRUCTOR_TABLE__ ([linker generated]):
    condes.o                  condes.s(19)
__INIT_SIZE__ ([linker generated]):
    crt0.o                    crt0.s(15)
__INTERRUPTOR_COUNT__ ([linker generated]):
    callirq.o                 callirq.s(33)
    crt0.o                    crt0.s(16)
__INTERRUPTOR_TABLE__ ([linker generated]):
    callirq.o                 callirq.s(33)
__LC_LAST__ ([linker generated]):
    crt0.o                    crt0.s(14)
__LC_START__ ([linker generated]):
    crt0.o                    crt0.s(14)
__MOVE_LAST__ ([linker generated]):
    crt0.o                    crt0.s(13)
__MOVE_START__ ([linker generated]):
    crt0.o                    crt0.s(13)
__RAM_LAST__ ([linker generated]):
    crt0.o                    crt0.s(12)
__RAM_START__ ([linker generated]):
    crt0.o                    crt0.s(12)
__STARTUP__ (crt0.o):
    main.o                    main.s(12)
__ZPSAVE_RUN__ ([linker generated]):
    crt0.o                    crt0.s(15)
__ctype (ctype.o):
    strlower.o                strlower.s(12)
__dos_type (dosdetect.o):
    mli.o                     mli.s(7)
__errno (errno.o):
    _seterrno.o               ../../asminc/errno.inc(7)
__hextab (_hextab.o):
    ltoa.o                    ltoa.s(10)
__oserror (_oserror.o):
    fileerr.o                 ../../asminc/errno.inc(7)
__printf (_printf.o):
    vfprintf.o                vfprintf.s(10)
__seterrno (_seterrno.o):
    fileerr.o                 ../../asminc/errno.inc(9)
    fwrite.o                  ../../asminc/errno.inc(9)
_cgetc (cgetc.o):
    main.o                    main.s(14)
_fwrite (fwrite.o):
    vfprintf.o                vfprintf.s(10)
_ltoa (ltoa.o):
    _printf.o                 _printf.s(10)
_main (main.o):
    callmain.o                callmain.s(11)
_printf (printf.o):
    main.o                    main.s(13)
_stdout (_file.o):
    printf.o                  printf.s(8)
_strlen (strlen.o):
    _printf.o                 _printf.s(11)
_strlower (strlower.o):
    _printf.o                 _printf.s(11)
_ultoa (ltoa.o):
    _printf.o                 _printf.s(10)
_vfprintf (vfprintf.o):
    printf.o                  printf.s(8)
_write (write.o):
    fwrite.o                  fwrite.s(10)
addysp (addysp.o):
    fwrite.o                  fwrite.s(11)
    incsp6.o                  incsp6.s(8)
    printf.o                  printf.s(8)
axlong (axlong.o):
    _printf.o                 _printf.s(9)
axulong (axlong.o):
    _printf.o                 _printf.s(9)
callirq (callirq.o):
    crt0.o                    crt0.s(11)
callmain (callmain.o):
    crt0.o                    crt0.s(11)
callmli (mli.o):
    rwcommon.o                mli.inc(115)
    write.o                   mli.inc(115)
decsp4 (decsp4.o):
    lpush.o                   lpush.s(11)
decsp6 (decsp6.o):
    _printf.o                 _printf.s(9)
donelib (condes.o):
    crt0.o                    crt0.s(10)
errnoexit (fileerr.o):
    write.o                   write.s(9)
fdtab (filedes.o):
    write.o                   filedes.inc(13)
getfd (filedes.o):
    rwcommon.o                filedes.inc(14)
incsp2 (incsp2.o):
    popsreg.o                 popsreg.s(8)
incsp6 (incsp6.o):
    fwrite.o                  fwrite.s(11)
    vfprintf.o                vfprintf.s(9)
initlib (condes.o):
    crt0.o                    crt0.s(10)
ldaxysp (ldaxsp.o):
    fwrite.o                  fwrite.s(11)
mliparam (mli.o):
    rwcommon.o                mli.inc(114)
    write.o                   mli.inc(114)
mul8x16 (mul8.o):
    mul.o                     mul.s(8)
mul8x16a (mul8.o):
    mul.o                     mul.s(8)
oserrexit (fileerr.o):
    rwcommon.o                rwcommon.s(6)
    write.o                   write.s(9)
popax (incsp2.o):
    rwcommon.o                rwcommon.s(7)
    ltoa.o                    ltoa.s(9)
    _printf.o                 _printf.s(9)
popsreg (popsreg.o):
    udiv.o                    udiv.s(8)
    mul8.o                    mul8.s(9)
    mul.o                     mul.s(9)
ptr1 (zeropage.o):
    rwcommon.o                ../../asminc/zeropage.inc(12)
    write.o                   ../../asminc/zeropage.inc(12)
    udiv.o                    udiv.s(9)
    strlower.o                strlower.s(13)
    strlen.o                  strlen.s(8)
    ltoa.o                    ltoa.s(11)
    fwrite.o                  fwrite.s(14)
    _printf.o                 _printf.s(12)
    zerobss.o                 zerobss.s(9)
    vfprintf.o                vfprintf.s(11)
    printf.o                  printf.s(9)
ptr2 (zeropage.o):
    rwcommon.o                ../../asminc/zeropage.inc(12)
    write.o                   ../../asminc/zeropage.inc(12)
    strlower.o                strlower.s(13)
    ltoa.o                    ltoa.s(11)
    _printf.o                 _printf.s(12)
ptr3 (zeropage.o):
    ltoa.o                    ltoa.s(11)
ptr4 (zeropage.o):
    udiv.o                    udiv.s(9)
    mul8.o                    mul8.s(10)
    mul.o                     mul.s(10)
push1 (push1.o):
    _printf.o                 _printf.s(9)
    vfprintf.o                vfprintf.s(9)
pusha0 (pushax.o):
    push1.o                   push1.s(8)
pushax (pushax.o):
    fwrite.o                  fwrite.s(11)
    _printf.o                 _printf.s(9)
    callmain.o                callmain.s(11)
    printf.o                  printf.s(8)
    main.o                    main.s(34)
pusheax (lpush.o):
    _printf.o                 _printf.s(9)
pushwysp (pushwsp.o):
    fwrite.o                  fwrite.s(11)
    vfprintf.o                vfprintf.s(9)
regbank (zeropage.o):
    _printf.o                 _printf.s(12)
return0 (return0.o):
    fwrite.o                  fwrite.s(11)
rwcommon (rwcommon.o):
    write.o                   write.s(8)
rwepilog (rwcommon.o):
    write.o                   write.s(8)
rwprolog (rwcommon.o):
    write.o                   write.s(8)
sp (zeropage.o):
    decsp4.o                  decsp4.s(8)
    popsreg.o                 popsreg.s(9)
    lpush.o                   lpush.s(12)
    ldaxsp.o                  ldaxsp.s(8)
    incsp2.o                  incsp2.s(8)
    decsp6.o                  decsp6.s(8)
    _printf.o                 _printf.s(12)
    pushwsp.o                 pushwsp.s(8)
    pushax.o                  pushax.s(8)
    addysp.o                  addysp.s(8)
    vfprintf.o                vfprintf.s(11)
    printf.o                  printf.s(9)
    crt0.o                    ../../asminc/zeropage.inc(11)
sreg (zeropage.o):
    udiv.o                    udiv.s(9)
    popsreg.o                 popsreg.s(9)
    mul8.o                    mul8.s(10)
    mul.o                     mul.s(10)
    lpush.o                   lpush.s(12)
    axlong.o                  axlong.s(8)
    ltoa.o                    ltoa.s(11)
    _printf.o                 _printf.s(12)
tmp1 (zeropage.o):
    mul.o                     mul.s(10)
    ltoa.o                    ltoa.s(11)
    _printf.o                 _printf.s(12)
tosudivax (udiv.o):
    fwrite.o                  fwrite.s(12)
tosumulax (mul.o):
    fwrite.o                  fwrite.s(12)
zerobss (zerobss.o):
    crt0.o                    crt0.s(9)

